Running Core Basic Tests...
Running Core Display Tests...
Running Core Logic Tests...
